// Jest Snapshot v1, https://goo.gl/fbAQLP

exports[`Filter renders correctly 1`] = `
.c1 {
  display: -webkit-inline-box;
  display: -webkit-inline-flex;
  display: -ms-inline-flexbox;
  display: inline-flex;
  -webkit-align-items: center;
  -webkit-box-align: center;
  -ms-flex-align: center;
  align-items: center;
  -webkit-box-pack: center;
  -webkit-justify-content: center;
  -ms-flex-pack: center;
  justify-content: center;
  gap: 7px;
  padding: calc(var(--baseline) / 4) calc(var(--baseline) / 2);
  border-radius: 4px;
  border: 0;
  color: var(--text-light);
  background-color: var(--accent-dark);
  box-shadow: 1px 1px 2px #00000066;
  text-transform: lowercase;
  -webkit-text-decoration: none;
  text-decoration: none;
  cursor: pointer;
  background-color: transparent;
  text-transform: initial;
  box-shadow: none;
  color: var(--accent-text-dark);
  padding: 0;
}

.c1:hover {
  background-color: var(--accent);
}

.c1:hover {
  background-color: transparent;
  -webkit-filter: brightness(0.7);
  filter: brightness(0.7);
}

.c1:disabled {
  background-color: transparent !important;
}

.c0 {
  display: -webkit-box;
  display: -webkit-flex;
  display: -ms-flexbox;
  display: flex;
  -webkit-align-items: center;
  -webkit-box-align: center;
  -ms-flex-align: center;
  align-items: center;
}

.c0 > *:focus {
  outline: none;
}

<div
  class="c0"
>
  <button
    aria-label=""
    class="c1"
  >
    filterOne
  </button>
</div>
`;
