// Jest Snapshot v1, https://goo.gl/fbAQLP

exports[`Recommendation renders correctly 1`] = `
.c7 {
  display: -webkit-inline-box;
  display: -webkit-inline-flex;
  display: -ms-inline-flexbox;
  display: inline-flex;
  -webkit-align-items: center;
  -webkit-box-align: center;
  -ms-flex-align: center;
  align-items: center;
  -webkit-box-pack: center;
  -webkit-justify-content: center;
  -ms-flex-pack: center;
  justify-content: center;
  gap: 7px;
  padding: calc(var(--baseline) / 4) calc(var(--baseline) / 2);
  border-radius: 4px;
  border: 0;
  color: var(--text-light);
  background-color: var(--accent-dark);
  box-shadow: 1px 1px 2px #00000066;
  text-transform: lowercase;
  -webkit-text-decoration: none;
  text-decoration: none;
  cursor: pointer;
}

.c7:hover {
  background-color: var(--accent);
}

.c1 {
  display: -webkit-box;
  display: -webkit-flex;
  display: -ms-flexbox;
  display: flex;
  -webkit-flex-direction: column;
  -ms-flex-direction: column;
  flex-direction: column;
  gap: calc(var(--baseline) / 2);
  border-radius: 4px;
  border: 1px solid var(--accent-dark);
  padding: calc(var(--baseline) / 2);
  background-color: #fff;
}

.c2 {
  width: 224px;
  height: 224px;
  overflow: hidden;
  border-radius: 4px;
  border: 1px solid var(--accent-text-light);
}

.c3 {
  text-align: center;
}

.c4 {
  -webkit-align-self: center;
  -ms-flex-item-align: center;
  align-self: center;
  overflow: hidden;
  text-overflow: ellipsis;
  display: -webkit-box;
  -webkit-line-clamp: 3;
  -webkit-box-orient: vertical;
}

.c5 {
  text-align: center;
  grid-column: 1;
  font-weight: 500;
}

.c6 {
  display: grid;
}

.c0 {
  display: -webkit-box;
  display: -webkit-flex;
  display: -ms-flexbox;
  display: flex;
  -webkit-flex-wrap: wrap;
  -ms-flex-wrap: wrap;
  flex-wrap: wrap;
  -webkit-box-pack: center;
  -webkit-justify-content: center;
  -ms-flex-pack: center;
  justify-content: center;
  gap: var(--baseline);
}

.c0 li {
  -webkit-flex-basis: 252px;
  -ms-flex-preferred-size: 252px;
  flex-basis: 252px;
}

@media (min-width:992px) {
  .c0 {
    gap: calc(var(--baseline) * 4);
  }
}

<ul
  class="c0"
>
  <li>
    <div
      class="c1"
    >
      <figure
        class="c2"
      >
        <div
          style="display: inline-block; max-width: 100%; overflow: hidden; position: relative; box-sizing: border-box; margin: 0px;"
        >
          <div
            style="box-sizing: border-box; display: block; max-width: 100%;"
          >
            <img
              alt=""
              aria-hidden="true"
              role="presentation"
              src="data:image/svg+xml;base64,PHN2ZyB3aWR0aD0iNzAwIiBoZWlnaHQ9IjcwMCIgeG1sbnM9Imh0dHA6Ly93d3cudzMub3JnLzIwMDAvc3ZnIiB2ZXJzaW9uPSIxLjEiLz4="
              style="max-width: 100%; display: block;"
            />
          </div>
          <img
            alt="green-tea"
            decoding="async"
            src="data:image/gif;base64,R0lGODlhAQABAIAAAAAAAP///yH5BAEAAAAALAAAAAABAAEAAAIBRAA7"
            style="visibility: hidden; position: absolute; top: 0px; left: 0px; bottom: 0px; right: 0px; box-sizing: border-box; padding: 0px; margin: auto; display: block; width: 0px; height: 0px; min-width: 100%; max-width: 100%; min-height: 100%; max-height: 100%;"
          />
        </div>
      </figure>
      <h5
        class="c3"
      >
        green-tea
      </h5>
      <p
        class="c4"
      >
        tasty tea
      </p>
      <p
        class="c5"
      >
        39lei - 50g
      </p>
      <div
        class="c6"
      >
        <a
          aria-label="vezi produs"
          class="c7"
          href="/categories/green/green-tea"
          rel=""
          target=""
        >
          vezi produs
        </a>
      </div>
    </div>
  </li>
</ul>
`;
