// Jest Snapshot v1, https://goo.gl/fbAQLP

exports[`StyledLink renders correctly 1`] = `
.c0 {
  -webkit-text-decoration: none;
  text-decoration: none;
  display: -webkit-inline-box;
  display: -webkit-inline-flex;
  display: -ms-inline-flexbox;
  display: inline-flex;
  -webkit-align-items: center;
  -webkit-box-align: center;
  -ms-flex-align: center;
  align-items: center;
  gap: 7px;
  color: var(--text-light);
  -webkit-text-decoration: none;
  text-decoration: none;
}

.c0:hover {
  -webkit-filter: brightness(0.7);
  filter: brightness(0.7);
}

<a
  aria-label="go home"
  class="c0"
  href="/home"
  rel=""
  target=""
>
  home
</a>
`;
